\BOOKMARK [1][-]{section.1}{\376\377\000I\000n\000t\000r\000o\000d\000u\000c\000t\000i\000o\000n}{}% 1
\BOOKMARK [1][-]{section.2}{\376\377\000B\000a\000t\000e\000a\000u}{}% 2
\BOOKMARK [1][-]{section.3}{\376\377\000c\000o\000q\000u\000i\000l\000l\000a\000g\000e}{}% 3
\BOOKMARK [1][-]{section.4}{\376\377\000S\000a\000b\000l\000e}{}% 4
\BOOKMARK [1][-]{section.5}{\376\377\000t\000o\000u\000r\000n\000e\000s\000o\000l}{}% 5
\BOOKMARK [2][-]{subsection.5.1}{\376\377\000E\000x\000p\000l\000i\000c\000a\000t\000i\000o\000n\000s}{section.5}% 6
\BOOKMARK [1][-]{section.6}{\376\377\000v\000e\000l\000o}{}% 7
\BOOKMARK [1][-]{section.7}{\376\377\000M\000u\000s\000i\000q\000u\000e}{}% 8
\BOOKMARK [1][-]{section.8}{\376\377\000M\000o\000n\000t\000a\000g\000n\000e}{}% 9
\BOOKMARK [1][-]{section.9}{\376\377\000M\000a\000i\000s\000o\000n}{}% 10
\BOOKMARK [1][-]{section.10}{\376\377\000P\000r\000o\000i\000e}{}% 11
\BOOKMARK [1][-]{section.11}{\376\377\000m\000a\000r\000c\000h\000e}{}% 12
\BOOKMARK [1][-]{section.12}{\376\377\000R\000u\000c\000h\000e}{}% 13
\BOOKMARK [1][-]{section.13}{\376\377\000P\000h\000a\000r\000e}{}% 14
\BOOKMARK [1][-]{section.14}{\376\377\000L\000u\000n\000e\000t\000t\000e}{}% 15
\BOOKMARK [1][-]{section.15}{\376\377\000A\000r\000b\000r\000e\000s}{}% 16
\BOOKMARK [1][-]{section.16}{\376\377\000B\000o\000u\000e\000e}{}% 17
\BOOKMARK [1][-]{section.17}{\376\377\000T\000r\000e\000s\000s\000e}{}% 18
\BOOKMARK [1][-]{section.18}{\376\377\000B\000i\000n\000a\000i\000r\000e}{}% 19
\BOOKMARK [1][-]{section.19}{\376\377\000N\000e\000u\000r\000o\000s\000c\000i\000e\000n\000c\000e}{}% 20
\BOOKMARK [1][-]{section.20}{\376\377\000P\000l\000a\000g\000e}{}% 21
\BOOKMARK [1][-]{section.21}{\376\377\000M\000e\000r}{}% 22
\BOOKMARK [1][-]{section.22}{\376\377\000P\000r\000a\000i\000r\000i\000e}{}% 23
\BOOKMARK [1][-]{section.23}{\376\377\000H\000o\000p\000i\000t\000a\000l}{}% 24
\BOOKMARK [1][-]{section.24}{\376\377\000F\000o\000r\000\352\000t}{}% 25
\BOOKMARK [1][-]{section.25}{\376\377\000R\000a\000d\000i\000o}{}% 26
